// Jest Snapshot v1, https://goo.gl/fbAQLP

exports[`Uploader component should render Uploader 1`] = `
<div>
  <input
    className="fileInput"
    onChange={[Function]}
    type="file"
  />
</div>
`;
